
> trackcodex@0.1.13 build
> vite build frontend

[36mvite v6.4.1 [32mbuilding for production...[36m[39m
transforming...
node.exe : [33mnode_modules
/react-activity-calendar/bui
ld/index.js (1:0): Module 
level directives cause 
errors when bundled, "use 
client" in "node_modules/rea
ct-activity-calendar/build/i
ndex.js" was ignored.[39m
At C:\Users\HP\AppData\Roami
ng\npm\npm.ps1:24 char:5
+     & "node$exe"  "$basedi
r/node_modules/npm/bin/npm-c
li.js" $args
+     ~~~~~~~~~~~~~~~~~~~~~~
~~~~~~~~~~~~~~~~~~~~~~~~~~~~
~~~~~~~~~~~~
    + CategoryInfo          
    : NotSpecified: ([33m  
  node_modul...s ignored.   
 [39m:String) [], Remot    
eException
    + FullyQualifiedErrorId 
    : NativeCommandError
 
[33mnode_modules/react-acti
vity-calendar/build/chunks/T
ooltip-BAxPWbMb.js (1:0): 
Module level directives 
cause errors when bundled, 
"use client" in "node_module
s/react-activity-calendar/bu
ild/chunks/Tooltip-BAxPWbMb.
js" was ignored.[39m
[32mΓ£ô[39m 4404 modules transformed.
rendering chunks...
[33m[plugin vite:reporter] 
(!) C:/Users/HP/TrackcodexBe
ta/node_modules/firebase/aut
h/dist/esm/index.esm.js is 
dynamically imported by C:/U
sers/HP/TrackcodexBeta/front
end/App.tsx but also 
statically imported by C:/Us
ers/HP/TrackcodexBeta/fronte
nd/context/AuthContext.tsx, 
C:/Users/HP/TrackcodexBeta/f
rontend/lib/firebase.ts, C:/
Users/HP/TrackcodexBeta/fron
tend/views/auth/Login.tsx, C
:/Users/HP/TrackcodexBeta/fr
ontend/views/auth/OAuthCallb
ack.tsx, C:/Users/HP/Trackco
dexBeta/frontend/views/auth/
ResetPassword.tsx, C:/Users/
HP/TrackcodexBeta/frontend/v
iews/auth/ResolveConflict.ts
x, C:/Users/HP/TrackcodexBet
a/frontend/views/auth/Signup
.tsx, dynamic import will 
not move module into 
another chunk.
[39m
[33m[plugin vite:reporter] 
(!) C:/Users/HP/TrackcodexBe
ta/frontend/lib/firebase.ts 
is dynamically imported by C
:/Users/HP/TrackcodexBeta/fr
ontend/App.tsx but also 
statically imported by C:/Us
ers/HP/TrackcodexBeta/fronte
nd/context/AuthContext.tsx, 
C:/Users/HP/TrackcodexBeta/f
rontend/services/infra/api.t
s, C:/Users/HP/TrackcodexBet
a/frontend/views/auth/Login.
tsx, C:/Users/HP/TrackcodexB
eta/frontend/views/auth/OAut
hCallback.tsx, C:/Users/HP/T
rackcodexBeta/frontend/views
/auth/ResetPassword.tsx, C:/
Users/HP/TrackcodexBeta/fron
tend/views/auth/ResolveConfl
ict.tsx, C:/Users/HP/Trackco
dexBeta/frontend/views/auth/
Signup.tsx, dynamic import 
will not move module into 
another chunk.
[39m
computing gzip size...
[2mdist/[22m[32mindex.html                                        [39m[1m[2m    1.03 kB[22m[1m[22m[2m Γöé gzip:   0.59 kB[22m
[2mdist/[22m[35massets/Portfolio-CIrl6s9u.css                     [39m[1m[2m    0.08 kB[22m[1m[22m[2m Γöé gzip:   0.09 kB[22m
[2mdist/[22m[35massets/Profile-DRvtAICk.css                       [39m[1m[2m    0.10 kB[22m[1m[22m[2m Γöé gzip:   0.10 kB[22m
[2mdist/[22m[35massets/ForgeAIUsageSettings-DQRXhKzD.css          [39m[1m[2m    0.16 kB[22m[1m[22m[2m Γöé gzip:   0.12 kB[22m
[2mdist/[22m[35massets/Status-uo_8C5Yg.css                        [39m[1m[2m    0.20 kB[22m[1m[22m[2m Γöé gzip:   0.16 kB[22m
[2mdist/[22m[35massets/AppearanceSettings-C4_00dMJ.css            [39m[1m[2m    0.29 kB[22m[1m[22m[2m Γöé gzip:   0.14 kB[22m
[2mdist/[22m[35massets/LandingPage-BVCnprML.css                   [39m[1m[2m    0.30 kB[22m[1m[22m[2m Γöé gzip:   0.22 kB[22m
[2mdist/[22m[35massets/LegalPage-BInYJ2Bh.css                     [39m[1m[2m    1.11 kB[22m[1m[22m[2m Γöé gzip:   0.39 kB[22m
[2mdist/[22m[35massets/Explore-DBUk4OGx.css                       [39m[1m[2m    3.44 kB[22m[1m[22m[2m Γöé gzip:   0.96 kB[22m
[2mdist/[22m[35massets/Editor-LcAfv9l9.css                        [39m[1m[2m    4.35 kB[22m[1m[22m[2m Γöé gzip:   1.68 kB[22m
[2mdist/[22m[35massets/ActivityFeed-3R6enZpA.css                  [39m[1m[2m    5.76 kB[22m[1m[22m[2m Γöé gzip:   1.76 kB[22m
[2mdist/[22m[35massets/SearchResults-D3HU9c_B.css                 [39m[1m[2m    9.95 kB[22m[1m[22m[2m Γöé gzip:   2.20 kB[22m
[2mdist/[22m[35massets/Workspaces-D2Ibk56A.css                    [39m[1m[2m   15.00 kB[22m[1m[22m[2m Γöé gzip:   2.67 kB[22m
[2mdist/[22m[35massets/index-2Hlqpx0E.css                         [39m[1m[2m  188.18 kB[22m[1m[22m[2m Γöé gzip:  27.96 kB[22m
[2mdist/[22m[36massets/Contact-BXbobgY6.js                        [39m[1m[2m    0.17 kB[22m[1m[22m[2m Γöé gzip:   0.16 kB[22m
[2mdist/[22m[36massets/WelcomeView-Cb1qsvNy.js                    [39m[1m[2m    0.25 kB[22m[1m[22m[2m Γöé gzip:   0.21 kB[22m
[2mdist/[22m[36massets/clock-fXiAPugb.js                          [39m[1m[2m    0.34 kB[22m[1m[22m[2m Γöé gzip:   0.28 kB[22m
[2mdist/[22m[36massets/circle-check-big-NezfXsgv.js               [39m[1m[2m    0.37 kB[22m[1m[22m[2m Γöé gzip:   0.29 kB[22m
[2mdist/[22m[36massets/addLeadingZeros-B3TQGsfv.js                [39m[1m[2m    0.37 kB[22m[1m[22m[2m Γöé gzip:   0.26 kB[22m
[2mdist/[22m[36massets/download-DKDsU9lz.js                       [39m[1m[2m    0.41 kB[22m[1m[22m[2m Γöé gzip:   0.30 kB[22m
[2mdist/[22m[36massets/triangle-alert-CYYQHU3q.js                 [39m[1m[2m    0.44 kB[22m[1m[22m[2m Γöé gzip:   0.32 kB[22m
[2mdist/[22m[36massets/defineProperty-0nRzglJQ.js                 [39m[1m[2m    0.49 kB[22m[1m[22m[2m Γöé gzip:   0.33 kB[22m
[2mdist/[22m[36massets/StrataWebhooks-BAj8AqB3.js                 [39m[1m[2m    0.53 kB[22m[1m[22m[2m Γöé gzip:   0.33 kB[22m
[2mdist/[22m[36massets/CreateStrata-CNhmSiAW.js                   [39m[1m[2m    0.54 kB[22m[1m[22m[2m Γöé gzip:   0.36 kB[22m
[2mdist/[22m[36massets/Spinner-iqEv9JMo.js                        [39m[1m[2m    0.56 kB[22m[1m[22m[2m Γöé gzip:   0.39 kB[22m
[2mdist/[22m[36massets/isValid-UimlXLiV.js                        [39m[1m[2m    0.81 kB[22m[1m[22m[2m Γöé gzip:   0.45 kB[22m
[2mdist/[22m[36massets/Security-C_7HmBey.js                       [39m[1m[2m    0.89 kB[22m[1m[22m[2m Γöé gzip:   0.46 kB[22m
[2mdist/[22m[36massets/BillingLicensing-BZ_LQfkg.js               [39m[1m[2m    0.89 kB[22m[1m[22m[2m Γöé gzip:   0.45 kB[22m
[2mdist/[22m[36massets/BillingPaymentHistory-Drwg6xOR.js          [39m[1m[2m    0.90 kB[22m[1m[22m[2m Γöé gzip:   0.46 kB[22m
[2mdist/[22m[36massets/BillingBudgets-fvRDBUGM.js                 [39m[1m[2m    0.92 kB[22m[1m[22m[2m Γöé gzip:   0.47 kB[22m
[2mdist/[22m[36massets/BillingAdditional-C2ZtjaDK.js              [39m[1m[2m    0.92 kB[22m[1m[22m[2m Γöé gzip:   0.46 kB[22m
[2mdist/[22m[36massets/EmptyState-BsznF6QK.js                     [39m[1m[2m    1.05 kB[22m[1m[22m[2m Γöé gzip:   0.56 kB[22m
[2mdist/[22m[36massets/BillingAnalytics-B1vk3AaC.js               [39m[1m[2m    1.06 kB[22m[1m[22m[2m Γöé gzip:   0.51 kB[22m
[2mdist/[22m[36massets/MarketplaceLayout-DX2_l1R3.js              [39m[1m[2m    1.27 kB[22m[1m[22m[2m Γöé gzip:   0.61 kB[22m
[2mdist/[22m[36massets/workspaceCollaborationService-CIqkaD8L.js  [39m[1m[2m    1.33 kB[22m[1m[22m[2m Γöé gzip:   0.40 kB[22m
[2mdist/[22m[36massets/Terms-CKTp6unI.js                          [39m[1m[2m    1.52 kB[22m[1m[22m[2m Γöé gzip:   0.68 kB[22m
[2mdist/[22m[36massets/Status-CFIdVl_c.js                         [39m[1m[2m    1.64 kB[22m[1m[22m[2m Γöé gzip:   0.45 kB[22m
[2mdist/[22m[36massets/CookiePolicy-SuPCa2HQ.js                   [39m[1m[2m    1.68 kB[22m[1m[22m[2m Γöé gzip:   0.74 kB[22m
[2mdist/[22m[36massets/StrataRepositories-ZJJ-nsSi.js             [39m[1m[2m    1.71 kB[22m[1m[22m[2m Γöé gzip:   0.72 kB[22m
[2mdist/[22m[36massets/SignOut-SG7pJHNa.js                        [39m[1m[2m    1.72 kB[22m[1m[22m[2m Γöé gzip:   0.76 kB[22m
[2mdist/[22m[36massets/socialMediaDetector-CEH3Pko7.js            [39m[1m[2m    1.74 kB[22m[1m[22m[2m Γöé gzip:   0.68 kB[22m
[2mdist/[22m[36massets/Privacy-DB2rA6nA.js                        [39m[1m[2m    1.78 kB[22m[1m[22m[2m Γöé gzip:   0.73 kB[22m
[2mdist/[22m[36massets/StrataPeople-WOvoBPL-.js                   [39m[1m[2m    1.88 kB[22m[1m[22m[2m Γöé gzip:   0.70 kB[22m
[2mdist/[22m[36massets/StrataTeams-BMnIeCcx.js                    [39m[1m[2m    1.89 kB[22m[1m[22m[2m Γöé gzip:   0.68 kB[22m
[2mdist/[22m[36massets/StrataSettingsLayout-DrNtTUYz.js           [39m[1m[2m    1.90 kB[22m[1m[22m[2m Γöé gzip:   0.84 kB[22m
[2mdist/[22m[36massets/StrataIndexView-CGwbPnPv.js                [39m[1m[2m    1.93 kB[22m[1m[22m[2m Γöé gzip:   0.84 kB[22m
[2mdist/[22m[36massets/VerifyEmail-CubkdDNo.js                    [39m[1m[2m    1.94 kB[22m[1m[22m[2m Γöé gzip:   0.93 kB[22m
[2mdist/[22m[36massets/CartesianChart-ByGgZoat.js                 [39m[1m[2m    2.32 kB[22m[1m[22m[2m Γöé gzip:   1.06 kB[22m
[2mdist/[22m[36massets/StrataDetailView-CxBqE7Ap.js               [39m[1m[2m    2.49 kB[22m[1m[22m[2m Γöé gzip:   1.05 kB[22m
[2mdist/[22m[36massets/AcceptInvite-BSRGmgFx.js                   [39m[1m[2m    2.51 kB[22m[1m[22m[2m Γöé gzip:   0.94 kB[22m
[2mdist/[22m[36massets/MyApplicationsView-VoBYBmER.js             [39m[1m[2m    2.55 kB[22m[1m[22m[2m Γöé gzip:   1.06 kB[22m
[2mdist/[22m[36massets/dateUtils-CWfWMBc8.js                      [39m[1m[2m    2.58 kB[22m[1m[22m[2m Γöé gzip:   1.02 kB[22m
[2mdist/[22m[36massets/DesktopBridge-Dyebxv7d.js                  [39m[1m[2m    2.60 kB[22m[1m[22m[2m Γöé gzip:   1.02 kB[22m
[2mdist/[22m[36massets/ComingSoon-9wMr0pp4.js                     [39m[1m[2m    2.63 kB[22m[1m[22m[2m Γöé gzip:   0.88 kB[22m
[2mdist/[22m[36massets/SessionsSettings-DrgeWek9.js               [39m[1m[2m    2.66 kB[22m[1m[22m[2m Γöé gzip:   1.04 kB[22m
[2mdist/[22m[36massets/OAuthCallback-Du8X-Nql.js                  [39m[1m[2m    2.75 kB[22m[1m[22m[2m Γöé gzip:   0.97 kB[22m
[2mdist/[22m[36massets/PolarChart-BcvP-jdd.js                     [39m[1m[2m    2.76 kB[22m[1m[22m[2m Γöé gzip:   1.33 kB[22m
[2mdist/[22m[36massets/StrataOverview-CCItFtnr.js                 [39m[1m[2m    2.76 kB[22m[1m[22m[2m Γöé gzip:   0.93 kB[22m
[2mdist/[22m[36massets/AuditLogs-BbmT_6-5.js                      [39m[1m[2m    2.84 kB[22m[1m[22m[2m Γöé gzip:   0.89 kB[22m
[2mdist/[22m[36massets/Admin-DjI3lLr5.js                          [39m[1m[2m    2.89 kB[22m[1m[22m[2m Γöé gzip:   1.00 kB[22m
[2mdist/[22m[36massets/TeamManager-CQAHIg5K.js                    [39m[1m[2m    2.97 kB[22m[1m[22m[2m Γöé gzip:   0.93 kB[22m
[2mdist/[22m[36massets/IssueList-tKlR66OQ.js                      [39m[1m[2m    3.11 kB[22m[1m[22m[2m Γöé gzip:   1.38 kB[22m
[2mdist/[22m[36massets/JobOversight-CmrjlzbX.js                   [39m[1m[2m    3.14 kB[22m[1m[22m[2m Γöé gzip:   1.07 kB[22m
[2mdist/[22m[36massets/RepositoryGovernance-BTUUBsbQ.js           [39m[1m[2m    3.22 kB[22m[1m[22m[2m Γöé gzip:   1.04 kB[22m
[2mdist/[22m[36massets/RoleEditor-DGBJZ5ew.js                     [39m[1m[2m    3.25 kB[22m[1m[22m[2m Γöé gzip:   0.97 kB[22m
[2mdist/[22m[36massets/ResolveConflict-CHv3lVxj.js                [39m[1m[2m    3.64 kB[22m[1m[22m[2m Γöé gzip:   1.47 kB[22m
[2mdist/[22m[36massets/SSHKeysSettings-D2lvk-mM.js                [39m[1m[2m    3.79 kB[22m[1m[22m[2m Γöé gzip:   1.15 kB[22m
[2mdist/[22m[36massets/UserManager-DInjoGvO.js                    [39m[1m[2m    3.93 kB[22m[1m[22m[2m Γöé gzip:   1.21 kB[22m
[2mdist/[22m[36massets/RepoTree-BAVUWpoi.js                       [39m[1m[2m    4.23 kB[22m[1m[22m[2m Γöé gzip:   1.62 kB[22m
[2mdist/[22m[36massets/WorkspaceMonitor-BUKLMlKg.js               [39m[1m[2m    4.24 kB[22m[1m[22m[2m Γöé gzip:   1.33 kB[22m
[2mdist/[22m[36massets/TeamPage-BVHtP6lp.js                       [39m[1m[2m    4.41 kB[22m[1m[22m[2m Γöé gzip:   1.99 kB[22m
[2mdist/[22m[36massets/AdminOverview-dxHTupJU.js                  [39m[1m[2m    4.88 kB[22m[1m[22m[2m Γöé gzip:   1.52 kB[22m
[2mdist/[22m[36massets/ActivePoints-B_mcmXnP.js                   [39m[1m[2m    4.90 kB[22m[1m[22m[2m Γöé gzip:   1.68 kB[22m
[2mdist/[22m[36massets/LandingPage-SOJ1uHwx.js                    [39m[1m[2m    4.94 kB[22m[1m[22m[2m Γöé gzip:   1.42 kB[22m
[2mdist/[22m[36massets/CommunityModeration-DpREGIiX.js            [39m[1m[2m    5.37 kB[22m[1m[22m[2m Γöé gzip:   1.49 kB[22m
[2mdist/[22m[36massets/DataManagementView-p1iZwvhh.js             [39m[1m[2m    5.46 kB[22m[1m[22m[2m Γöé gzip:   1.90 kB[22m
[2mdist/[22m[36massets/AccessibilitySettings-ByXXCRIF.js          [39m[1m[2m    5.63 kB[22m[1m[22m[2m Γöé gzip:   1.94 kB[22m
[2mdist/[22m[36massets/MessagesView-DxK_SHkD.js                   [39m[1m[2m    5.65 kB[22m[1m[22m[2m Γöé gzip:   2.05 kB[22m
[2mdist/[22m[36massets/WalletDashboard-BnUDOa4r.js                [39m[1m[2m    6.16 kB[22m[1m[22m[2m Γöé gzip:   1.92 kB[22m
[2mdist/[22m[36massets/StrataPermissions-C0Pc5XvI.js              [39m[1m[2m    6.30 kB[22m[1m[22m[2m Γöé gzip:   1.75 kB[22m
[2mdist/[22m[36massets/ForgeAI-Bo742_kX.js                        [39m[1m[2m    6.51 kB[22m[1m[22m[2m Γöé gzip:   2.27 kB[22m
[2mdist/[22m[36massets/PullRequestDetail-BdIPtgML.js              [39m[1m[2m    6.61 kB[22m[1m[22m[2m Γöé gzip:   2.22 kB[22m
[2mdist/[22m[36massets/ForgeAIUsageSettings-Bv8mc9DQ.js           [39m[1m[2m    6.61 kB[22m[1m[22m[2m Γöé gzip:   1.82 kB[22m
[2mdist/[22m[36massets/StrataGeneralSettings-CuoXghKt.js          [39m[1m[2m    6.79 kB[22m[1m[22m[2m Γöé gzip:   1.67 kB[22m
[2mdist/[22m[36massets/ResetPassword-DC6pf3q4.js                  [39m[1m[2m    6.86 kB[22m[1m[22m[2m Γöé gzip:   2.24 kB[22m
[2mdist/[22m[36massets/BillingPaymentInfo-BHj4rE2o.js             [39m[1m[2m    6.89 kB[22m[1m[22m[2m Γöé gzip:   1.41 kB[22m
[2mdist/[22m[36massets/Repositories-DGlKhXLU.js                   [39m[1m[2m    6.90 kB[22m[1m[22m[2m Γöé gzip:   2.27 kB[22m
[2mdist/[22m[36massets/Onboarding-DYf3gdKQ.js                     [39m[1m[2m    7.04 kB[22m[1m[22m[2m Γöé gzip:   2.57 kB[22m
[2mdist/[22m[36massets/SearchResults-CjOwWWUH.js                  [39m[1m[2m    7.05 kB[22m[1m[22m[2m Γöé gzip:   2.23 kB[22m
[2mdist/[22m[36massets/en-US-ClfMaaVW.js                          [39m[1m[2m    7.08 kB[22m[1m[22m[2m Γöé gzip:   2.45 kB[22m
[2mdist/[22m[36massets/StrataAuthenticationSecurity-BHsVmnea.js   [39m[1m[2m    7.24 kB[22m[1m[22m[2m Γöé gzip:   2.01 kB[22m
[2mdist/[22m[36massets/MissionsView-B53OHS82.js                   [39m[1m[2m    7.55 kB[22m[1m[22m[2m Γöé gzip:   2.60 kB[22m
[2mdist/[22m[36massets/BillingUsage-Bx8e-ObD.js                   [39m[1m[2m    7.84 kB[22m[1m[22m[2m Γöé gzip:   1.88 kB[22m
[2mdist/[22m[36massets/TaskVault-CsCWeYXi.js                      [39m[1m[2m    7.92 kB[22m[1m[22m[2m Γöé gzip:   2.08 kB[22m
[2mdist/[22m[36massets/AppearanceSettings-BAJ6Jndz.js             [39m[1m[2m    8.02 kB[22m[1m[22m[2m Γöé gzip:   2.39 kB[22m
[2mdist/[22m[36massets/Explore-oMFCMoO-.js                        [39m[1m[2m    8.07 kB[22m[1m[22m[2m Γöé gzip:   2.48 kB[22m
[2mdist/[22m[36massets/getClassNameFromUnknown-B4fzcP7y.js        [39m[1m[2m    8.17 kB[22m[1m[22m[2m Γöé gzip:   2.97 kB[22m
[2mdist/[22m[36massets/StrataEnvironments-DCS0oHKr.js             [39m[1m[2m    8.32 kB[22m[1m[22m[2m Γöé gzip:   2.35 kB[22m
[2mdist/[22m[36massets/VSCodeWorkspaceView-ry3mya_c.js            [39m[1m[2m    8.45 kB[22m[1m[22m[2m Γöé gzip:   2.62 kB[22m
[2mdist/[22m[36massets/PersonalAccessTokensSettings-CAHf7aNx.js   [39m[1m[2m    8.67 kB[22m[1m[22m[2m Γöé gzip:   2.65 kB[22m
[2mdist/[22m[36massets/ForgotPassword-Di6m6PA8.js                 [39m[1m[2m    8.87 kB[22m[1m[22m[2m Γöé gzip:   2.84 kB[22m
[2mdist/[22m[36massets/AccountSettings-BrdwagpG.js                [39m[1m[2m    9.16 kB[22m[1m[22m[2m Γöé gzip:   2.86 kB[22m
[2mdist/[22m[36massets/DiscussionDetail-dEWx5m-9.js               [39m[1m[2m    9.28 kB[22m[1m[22m[2m Γöé gzip:   2.59 kB[22m
[2mdist/[22m[36massets/MissionDetailView-BgXPoM6A.js              [39m[1m[2m    9.34 kB[22m[1m[22m[2m Γöé gzip:   2.88 kB[22m
[2mdist/[22m[36massets/EmailSettings-BGQOZStz.js                  [39m[1m[2m    9.46 kB[22m[1m[22m[2m Γöé gzip:   2.99 kB[22m
[2mdist/[22m[36massets/Login-v3hrkb1g.js                          [39m[1m[2m    9.95 kB[22m[1m[22m[2m Γöé gzip:   3.59 kB[22m
[2mdist/[22m[36massets/NotificationsSettings-DKP5D3tA.js          [39m[1m[2m   10.15 kB[22m[1m[22m[2m Γöé gzip:   1.88 kB[22m
[2mdist/[22m[36massets/Leaderboard-5_NKwgoR.js                    [39m[1m[2m   10.21 kB[22m[1m[22m[2m Γöé gzip:   2.26 kB[22m
[2mdist/[22m[36massets/NotificationsView-69src6wf.js              [39m[1m[2m   10.29 kB[22m[1m[22m[2m Γöé gzip:   2.77 kB[22m
[2mdist/[22m[36massets/TrackCoin-DYO7y3hX.js                      [39m[1m[2m   10.52 kB[22m[1m[22m[2m Γöé gzip:   3.31 kB[22m
[2mdist/[22m[36massets/IntegrationsSettings-BFjly-lZ.js           [39m[1m[2m   10.91 kB[22m[1m[22m[2m Γöé gzip:   3.32 kB[22m
[2mdist/[22m[36massets/ReviewMode-CDQ_O171.js                     [39m[1m[2m   10.99 kB[22m[1m[22m[2m Γöé gzip:   3.26 kB[22m
[2mdist/[22m[36massets/ImportRepo-CctUvTPC.js                     [39m[1m[2m   11.39 kB[22m[1m[22m[2m Γöé gzip:   2.91 kB[22m
[2mdist/[22m[36massets/Workspaces-BsHjS3kn.js                     [39m[1m[2m   11.68 kB[22m[1m[22m[2m Γöé gzip:   3.41 kB[22m
[2mdist/[22m[36massets/CreateRepo-CDz5VOgU.js                     [39m[1m[2m   11.93 kB[22m[1m[22m[2m Γöé gzip:   3.09 kB[22m
[2mdist/[22m[36massets/SecuritySettings-CqoJykap.js               [39m[1m[2m   12.00 kB[22m[1m[22m[2m Γöé gzip:   3.37 kB[22m
[2mdist/[22m[36massets/BillingSettings-Cdkoxg8K.js                [39m[1m[2m   12.43 kB[22m[1m[22m[2m Γöé gzip:   2.71 kB[22m
[2mdist/[22m[36massets/PlatformMatrix-BfhG30CQ.js                 [39m[1m[2m   12.78 kB[22m[1m[22m[2m Γöé gzip:   3.68 kB[22m
[2mdist/[22m[36massets/AreaChart-BulnOItI.js                      [39m[1m[2m   12.83 kB[22m[1m[22m[2m Γöé gzip:   4.65 kB[22m
[2mdist/[22m[36massets/Home-BwkJYY-Q.js                           [39m[1m[2m   14.80 kB[22m[1m[22m[2m Γöé gzip:   3.45 kB[22m
[2mdist/[22m[36massets/index-CHYM78xr.js                          [39m[1m[2m   14.91 kB[22m[1m[22m[2m Γöé gzip:   5.13 kB[22m
[2mdist/[22m[36massets/CreateWorkspace-CWIP0DwA.js                [39m[1m[2m   15.12 kB[22m[1m[22m[2m Γöé gzip:   3.99 kB[22m
[2mdist/[22m[36massets/ProfileSettings-BubPHcxj.js                [39m[1m[2m   16.11 kB[22m[1m[22m[2m Γöé gzip:   4.41 kB[22m
[2mdist/[22m[36massets/IssueDetail-BsdxTgMH.js                    [39m[1m[2m   16.46 kB[22m[1m[22m[2m Γöé gzip:   3.75 kB[22m
[2mdist/[22m[36massets/FileViewer-Bmxe1b1B.js                     [39m[1m[2m   18.48 kB[22m[1m[22m[2m Γöé gzip:   5.42 kB[22m
[2mdist/[22m[36massets/PublicProfile-9u9_AlPs.js                  [39m[1m[2m   18.93 kB[22m[1m[22m[2m Γöé gzip:   3.79 kB[22m
[2mdist/[22m[36massets/Profile-DqiPMg2p.js                        [39m[1m[2m   21.31 kB[22m[1m[22m[2m Γöé gzip:   5.04 kB[22m
[2mdist/[22m[36massets/Signup-61TqbFF8.js                         [39m[1m[2m   21.99 kB[22m[1m[22m[2m Γöé gzip:   6.96 kB[22m
[2mdist/[22m[36massets/purify.es-BgtpMKW3.js                      [39m[1m[2m   22.77 kB[22m[1m[22m[2m Γöé gzip:   8.79 kB[22m
[2mdist/[22m[36massets/Library-DUbXlNdI.js                        [39m[1m[2m   26.43 kB[22m[1m[22m[2m Γöé gzip:   5.43 kB[22m
[2mdist/[22m[36massets/Tooltip-B8MGjt11.js                        [39m[1m[2m   28.93 kB[22m[1m[22m[2m Γöé gzip:   8.19 kB[22m
[2mdist/[22m[36massets/Tooltip-BAxPWbMb-Cop5Jzty.js               [39m[1m[2m   30.47 kB[22m[1m[22m[2m Γöé gzip:  11.29 kB[22m
[2mdist/[22m[36massets/Overview-gcf15KV_.js                       [39m[1m[2m   34.68 kB[22m[1m[22m[2m Γöé gzip:   9.62 kB[22m
[2mdist/[22m[36massets/light-0DGSBcKk.js                          [39m[1m[2m   38.12 kB[22m[1m[22m[2m Γöé gzip:  13.31 kB[22m
[2mdist/[22m[36massets/Portfolio-CU04NR9k.js                      [39m[1m[2m   38.92 kB[22m[1m[22m[2m Γöé gzip:  10.34 kB[22m
[2mdist/[22m[36massets/Community-CPjq4Xci.js                      [39m[1m[2m   53.84 kB[22m[1m[22m[2m Γöé gzip:  11.45 kB[22m
[2mdist/[22m[36massets/CreateMissionView-BdebCYJk.js              [39m[1m[2m   58.55 kB[22m[1m[22m[2m Γöé gzip:  10.59 kB[22m
[2mdist/[22m[36massets/index.es-CeyKFndH.js                       [39m[1m[2m  158.99 kB[22m[1m[22m[2m Γöé gzip:  53.27 kB[22m
[2mdist/[22m[36massets/ActivityFeed-C2dZCMnO.js                   [39m[1m[2m  170.81 kB[22m[1m[22m[2m Γöé gzip:  49.53 kB[22m
[2mdist/[22m[36massets/gemini-BaEcnLHA.js                         [39m[1m[2m  259.31 kB[22m[1m[22m[2m Γöé gzip:  51.92 kB[22m
[2mdist/[22m[36massets/CategoricalChart-DVoZliBa.js               [39m[1m[2m  260.26 kB[22m[1m[22m[2m Γöé gzip:  83.07 kB[22m
[2mdist/[22m[36massets/Editor-C05szkCt.js                         [39m[1m[2m  355.58 kB[22m[1m[22m[2m Γöé gzip:  91.35 kB[22m
[2mdist/[22m[36massets/RepoDetail-mEGIr9Ug.js                     [39m[1m[2m  425.53 kB[22m[1m[22m[2m Γöé gzip:  99.03 kB[22m
[2mdist/[22m[36massets/index-CwKGrDVH.js                          [39m[1m[33m1,171.87 kB[39m[22m[2m Γöé gzip: 342.08 kB[22m
[32mΓ£ô built in 23.05s[39m
[33m
(!) Some chunks are larger 
than 500 kB after 
minification. Consider:
- Using dynamic import() to 
code-split the application
- Use build.rollupOptions.ou
tput.manualChunks to 
improve chunking: https://ro
llupjs.org/configuration-opt
ions/#output-manualchunks
- Adjust chunk size limit 
for this warning via build.c
hunkSizeWarningLimit.[39m
